[backblue.gif]
[fade.gif]
[index.html]
[flex-global.web.app/favicon.png]
[flex-global.web.app/webclip.png]
[flex-global.web.app/assets/images/aliados/logo1.svg]
[flex-global.web.app/assets/images/aliados/logo2.svg]
[flex-global.web.app/assets/images/aliados/logo3.svg]
[flex-global.web.app/assets/images/aliados/logo4.svg]
[flex-global.web.app/assets/images/aliados/logo5.svg]
[flex-global.web.app/assets/videos/FlexGlobal Horizontal.qt]
[flex-global.web.app/assets/images/img_agente.png]
[flex-global.web.app/_astro/chatBot.astro_astro_type_script_index_0_lang.C9qN_KGW.js]
[flex-global.web.app/assets/images/fg-full-blanco-dorado.svg]
[flex-global.web.app/_astro/Layout.astro_astro_type_script_index_0_lang.BVBrtIci.js]
[flex-global.web.app/assets/images/fg-full-negro-dorado.svg]
[flex-global.web.app/index.html]
[flex-global.web.app/favicon.svg]
[cdn.hugeicons.com/font/hgi-stroke-rounded13e8.eot]
[cdn.hugeicons.com/font/hgi-stroke-rounded13e8.woff2]
[cdn.hugeicons.com/font/hgi-stroke-rounded13e8.woff]
[cdn.hugeicons.com/font/hgi-stroke-rounded13e8.ttf]
[cdn.hugeicons.com/font/hgi-stroke-rounded.css]
[flex-global.web.app/_astro/fonts/Calldera.html]
[flex-global.web.app/svgs/noise.svg]
[flex-global.web.app/svgs/radial-noise.svg]
[flex-global.web.app/svgs/radial.svg]
[flex-global.web.app/_astro/agents-page.D3ggaKDO.css]
[flex-global.web.app/assets/images/personas/profile1.jpg]
[flex-global.web.app/assets/images/personas/profile2.jpg]
[flex-global.web.app/assets/images/personas/profile3.jpg]
[flex-global.web.app/assets/images/personas/profile4.jpg]
[flex-global.web.app/assets/images/personas/profile5.jpg]
[flex-global.web.app/_astro/index.CcXY6T_K.css]
[flex-global.web.app/fg-full-negro-dorado.svg]
[flex-global.web.app/home.html]
[flex-global.web.app/assets/images/personas/profile6.jpg]
[flex-global.web.app/assets/images/obamacare.jpg]
[flex-global.web.app/assets/images/dental.jpg]
[flex-global.web.app/assets/images/aliados/logo6.svg]
[flex-global.web.app/assets/images/medicare.png]
[flex-global.web.app/planes-salud/index.html]
[flex-global.web.app/assets/images/nuestros-servicios/pexels-cottonbro-7581090.jpg]
[flex-global.web.app/assets/images/nuestros-servicios/pexels-cottonbro-7579831.jpg]
[flex-global.web.app/assets/images/nuestros-servicios/pexels-mart-production-7089393.jpg]
[flex-global.web.app/nuestros-servicios/index.html]
[flex-global.web.app/assets/images/nuestros-servicios/pexels-thirdman-7659869.jpg]
[flex-global.web.app/_astro/asesoria-personalizada.BioiwKkv.css]
[flex-global.web.app/asesoria-personalizada/index.html]
[flex-global.web.app/_astro/card-id.DkDULMAH.css]
[flex-global.web.app/card-id/index.html]
[flex-global.web.app/_astro/reclamos.BFRr3Ndf.css]
[flex-global.web.app/reclamos/index.html]
[flex-global.web.app/mision-vision/index.html]
[flex-global.web.app/team/index.html]
[flex-global.web.app/assets/images/objetivos.jpg]
[flex-global.web.app/_astro/que-es-un-seguro-de-salud.D5oFcwm2.css]
[flex-global.web.app/que-es-un-seguro-de-salud/index.html]
[flex-global.web.app/assets/images/img_agente2.png]
[flex-global.web.app/_astro/tipos-de-planes-de-salud.BjptjTTd.css]
[flex-global.web.app/tipos-de-planes-de-salud/index.html]
[flex-global.web.app/_astro/como-aplicar-al-seguro.B0Y_lyal.css]
[flex-global.web.app/como-aplicar-al-seguro/index.html]
[flex-global.web.app/assets/images/aliados/logo1.svg]
[flex-global.web.app/assets/images/aliados/logo2.svg]
[flex-global.web.app/assets/images/aliados/logo3.svg]
[flex-global.web.app/assets/images/aliados/logo4.svg]
[flex-global.web.app/assets/images/aliados/logo5.svg]
[flex-global.web.app/assets/images/fg-full-blanco-dorado.svg]
[flex-global.web.app/assets/images/fg-full-negro-dorado.svg]
[cdn.hugeicons.com/font/hgi-stroke-rounded13e8.svg]
[flex-global.web.app/_astro/fonts/Calldera.html]
[flex-global.web.app/svgs/noise.svg]
[flex-global.web.app/svgs/radial-noise.svg]
[flex-global.web.app/svgs/radial.svg]
[flex-global.web.app/assets/images/aliados/logo6.svg]
[flex-global.web.app/_astro/asesoria-personalizada.BioiwKkv.css]
[flex-global.web.app/_astro/card-id.DkDULMAH.css]
[flex-global.web.app/_astro/reclamos.BFRr3Ndf.css]
[flex-global.web.app/_astro/que-es-un-seguro-de-salud.D5oFcwm2.css]
[flex-global.web.app/_astro/tipos-de-planes-de-salud.BjptjTTd.css]
[flex-global.web.app/_astro/como-aplicar-al-seguro.B0Y_lyal.css]
