[backblue.gif]
[fade.gif]
[index.html]
[flex-global.web.app/favicon.png]
[flex-global.web.app/favicon.svg]
[flex-global.web.app/webclip.png]
[flex-global.web.app/_astro/agents-page.D3ggaKDO.css]
[flex-global.web.app/_astro/index.CcXY6T_K.css]
[flex-global.web.app/fg-full-negro-dorado.svg]
[flex-global.web.app/home.html]
[flex-global.web.app/planes-salud/index.html]
[flex-global.web.app/nuestros-servicios/index.html]
[flex-global.web.app/asesoria-personalizada/index.html]
[flex-global.web.app/index.html]
[flex-global.web.app/favicon.svg]
[cdn.hugeicons.com/font/hgi-stroke-rounded.css]
[flex-global.web.app/_astro/agents-page.D3ggaKDO.css]
[flex-global.web.app/_astro/index.CcXY6T_K.css]
[flex-global.web.app/fg-full-negro-dorado.svg]
[flex-global.web.app/home.html]
[flex-global.web.app/planes-salud/index.html]
[flex-global.web.app/nuestros-servicios/index.html]
[flex-global.web.app/asesoria-personalizada/index.html]
[flex-global.web.app/card-id/index.html]
[flex-global.web.app/reclamos/index.html]
[flex-global.web.app/mision-vision/index.html]
[flex-global.web.app/team/index.html]
[flex-global.web.app/que-es-un-seguro-de-salud/index.html]
[flex-global.web.app/tipos-de-planes-de-salud/index.html]
[flex-global.web.app/como-aplicar-al-seguro/index.html]
[flex-global.web.app/assets/videos/FlexGlobal Horizontal.html]
[flex-global.web.app/assets/images/aliados/logo1.html]
[flex-global.web.app/assets/images/aliados/logo2.html]
[flex-global.web.app/assets/images/aliados/logo3.html]
[flex-global.web.app/assets/images/aliados/logo4.html]
[flex-global.web.app/assets/images/aliados/logo5.html]
[flex-global.web.app/assets/images/img_agente.html]
[flex-global.web.app/_astro/chatBot.astro_astro_type_script_index_0_lang.C9qN_KGW.html]
[flex-global.web.app/assets/images/fg-full-blanco-dorado.html]
[flex-global.web.app/_astro/Layout.astro_astro_type_script_index_0_lang.BVBrtIci.html]
[flex-global.web.app/assets/images/fg-full-negro-dorado.html]
[cdn.hugeicons.com/font/hgi-stroke-rounded13e8.html]
[cdn.hugeicons.com/font/hgi-stroke-rounded13e8-2.html]
[cdn.hugeicons.com/font/hgi-stroke-rounded13e8-3.html]
[cdn.hugeicons.com/font/hgi-stroke-rounded13e8-4.html]
[cdn.hugeicons.com/font/hgi-stroke-rounded13e8-5.html]
[flex-global.web.app/_astro/fonts/Calldera.html]
[flex-global.web.app/svgs/noise.html]
[flex-global.web.app/svgs/radial-noise.html]
[flex-global.web.app/svgs/radial.html]
[flex-global.web.app/assets/images/personas/profile1.html]
[flex-global.web.app/assets/images/personas/profile2.html]
[flex-global.web.app/assets/images/personas/profile3.html]
[flex-global.web.app/assets/images/personas/profile4.html]
[flex-global.web.app/assets/images/personas/profile5.html]
[flex-global.web.app/assets/images/personas/profile6.html]
[flex-global.web.app/assets/images/obamacare.html]
[flex-global.web.app/assets/images/dental.html]
[flex-global.web.app/assets/images/aliados/logo6.html]
[flex-global.web.app/assets/images/medicare.html]
[flex-global.web.app/assets/images/nuestros-servicios/pexels-cottonbro-7579831.html]
[flex-global.web.app/assets/images/nuestros-servicios/pexels-cottonbro-7581090.html]
[flex-global.web.app/assets/images/nuestros-servicios/pexels-mart-production-7089393.html]
[flex-global.web.app/assets/images/nuestros-servicios/pexels-thirdman-7659869.html]
[flex-global.web.app/_astro/asesoria-personalizada.BioiwKkv.html]
